22:57:25.530 [main] INFO  Mashruq.Test.LoginTest - Login Test is completed
22:57:30.824 [main] INFO  Mashruq.Test.LoginTest - Started Testing Login Test.
22:57:51.578 [main] INFO  Mashruq.Test.LoginTest - Login Test is completed
22:57:57.060 [main] INFO  Mashruq.Test.LoginTest - Started Testing Login Test.
22:58:17.606 [main] INFO  Mashruq.Test.LoginTest - Login Test is completed
22:58:20.955 [main] INFO  Mashruq.Test.LoginTest - Started Testing Login Test.
22:58:41.522 [main] INFO  Mashruq.Test.LoginTest - Login Test is completed
22:58:48.594 [main] INFO  Mashruq.Test.LoginTest - Started Testing Login Test.
22:59:09.175 [main] INFO  Mashruq.Test.LoginTest - Login Test is completed
22:59:56.611 [main] INFO  Mashruq.Test.StandAloneTest - Started testing | Product: ZARA COAT 4 | Email: 20ne1a05f7@gmail.com
22:59:57.374 [main] INFO  Mashruq.Test.StandAloneTest - User successfully logged in.
23:00:05.332 [main] INFO  Mashruq.Test.StandAloneTest - Started testing | Product: ZARA COAT 3 | Email: sjilani476@gmail.com
23:00:05.685 [main] INFO  Mashruq.Test.StandAloneTest - User successfully logged in.
23:00:34.130 [main] INFO  Mashruq.Test.LoginTest - Started Testing Login Test.
23:00:35.401 [main] INFO  Mashruq.Test.LoginTest - User Logout is successfully Executed
23:00:35.401 [main] INFO  Mashruq.Test.LoginTest - Login Test is completed
23:00:39.039 [main] INFO  Mashruq.Test.LoginTest - Started Testing Login Test.
23:00:40.208 [main] INFO  Mashruq.Test.LoginTest - User Logout is successfully Executed
23:00:40.209 [main] INFO  Mashruq.Test.LoginTest - Login Test is completed
23:00:44.462 [main] INFO  Mashruq.Test.LoginTest - Started Testing Login Test.
23:01:05.010 [main] INFO  Mashruq.Test.LoginTest - Login Test is completed
23:01:10.159 [main] INFO  Mashruq.Test.LoginTest - Started Testing Login Test.
23:01:30.629 [main] INFO  Mashruq.Test.LoginTest - Login Test is completed
23:01:35.243 [main] INFO  Mashruq.Test.LoginTest - Started Testing Login Test.
23:01:55.825 [main] INFO  Mashruq.Test.LoginTest - Login Test is completed
23:02:00.909 [main] INFO  Mashruq.Test.LoginTest - Started Testing Login Test.
23:02:21.511 [main] INFO  Mashruq.Test.LoginTest - Login Test is completed
15:09:56.636 [main] INFO  Mashruq.Test.LoginTest - Started Testing Login Test.
15:10:00.542 [main] INFO  Mashruq.Test.LoginTest - User Logout is successfully Executed
15:10:00.544 [main] INFO  Mashruq.Test.LoginTest - Login Test is completed
15:10:06.750 [main] INFO  Mashruq.Test.LoginTest - Started Testing Login Test.
15:10:09.835 [main] INFO  Mashruq.Test.LoginTest - User Logout is successfully Executed
15:10:09.835 [main] INFO  Mashruq.Test.LoginTest - Login Test is completed
15:10:16.337 [main] INFO  Mashruq.Test.LoginTest - Started Testing Login Test.
15:10:37.613 [main] INFO  Mashruq.Test.LoginTest - Login Test is completed
15:10:45.593 [main] INFO  Mashruq.Test.LoginTest - Started Testing Login Test.
15:11:07.114 [main] INFO  Mashruq.Test.LoginTest - Login Test is completed
15:11:13.352 [main] INFO  Mashruq.Test.LoginTest - Started Testing Login Test.
15:11:34.750 [main] INFO  Mashruq.Test.LoginTest - Login Test is completed
15:11:41.637 [main] INFO  Mashruq.Test.LoginTest - Started Testing Login Test.
15:12:02.830 [main] INFO  Mashruq.Test.LoginTest - Login Test is completed
15:16:57.922 [main] INFO  Mashruq.Test.LoginTest - Started Testing Login Test.
15:17:00.208 [main] INFO  Mashruq.Test.LoginTest - User Logout is successfully Executed
15:17:00.210 [main] INFO  Mashruq.Test.LoginTest - Login Test is completed
15:17:04.861 [main] INFO  Mashruq.Test.LoginTest - Started Testing Login Test.
15:17:06.781 [main] INFO  Mashruq.Test.LoginTest - User Logout is successfully Executed
15:17:06.782 [main] INFO  Mashruq.Test.LoginTest - Login Test is completed
15:17:10.893 [main] INFO  Mashruq.Test.LoginTest - Started Testing Login Test.
15:17:31.851 [main] INFO  Mashruq.Test.LoginTest - Login Test is completed
15:17:36.190 [main] INFO  Mashruq.Test.LoginTest - Started Testing Login Test.
15:17:57.195 [main] INFO  Mashruq.Test.LoginTest - Login Test is completed
15:18:01.874 [main] INFO  Mashruq.Test.LoginTest - Started Testing Login Test.
15:18:23.360 [main] INFO  Mashruq.Test.LoginTest - Login Test is completed
15:18:32.505 [main] INFO  Mashruq.Test.LoginTest - Started Testing Login Test.
15:18:53.556 [main] INFO  Mashruq.Test.LoginTest - Login Test is completed
15:19:00.191 [main] INFO  Mashruq.Test.LoginTest - Started Testing Login Test.
15:19:02.581 [main] INFO  Mashruq.Test.LoginTest - User Logout is successfully Executed
15:19:02.581 [main] INFO  Mashruq.Test.LoginTest - Login Test is completed
15:19:07.984 [main] INFO  Mashruq.Test.StandAloneTest - Started testing | Product: ZARA COAT 4 | Email: 20ne1a05f7@gmail.com
15:19:08.772 [main] INFO  Mashruq.Test.StandAloneTest - User successfully logged in.
15:19:14.374 [main] INFO  Mashruq.Test.LoginTest - Started Testing Login Test.
15:19:17.712 [main] INFO  Mashruq.Test.LoginTest - User Logout is successfully Executed
15:19:17.713 [main] INFO  Mashruq.Test.LoginTest - Login Test is completed
15:19:25.310 [main] INFO  Mashruq.Test.StandAloneTest - Started testing | Product: ZARA COAT 3 | Email: sjilani476@gmail.com
15:19:26.395 [main] INFO  Mashruq.Test.StandAloneTest - User successfully logged in.
15:19:52.437 [main] INFO  Mashruq.Test.LoginTest - Started Testing Login Test.
15:20:13.199 [main] INFO  Mashruq.Test.LoginTest - Login Test is completed
15:20:17.408 [main] INFO  Mashruq.Test.LoginTest - Started Testing Login Test.
15:20:38.183 [main] INFO  Mashruq.Test.LoginTest - Login Test is completed
