08:09:36.429 [main] INFO  Mashruq.Test.StandAloneTest - ZARA COAT 3 product added successfully to cart.
08:09:37.872 [main] INFO  Mashruq.Test.StandAloneTest - Submitted the order ZARA COAT 3 successfully.
08:09:45.034 [main] INFO  Mashruq.Test.LoginTest - Started Testing Login Test.
08:09:47.611 [main] INFO  Mashruq.Test.LoginTest - User Logout is successfully Executed
08:09:47.611 [main] INFO  Mashruq.Test.LoginTest - Login Test is completed
08:09:53.386 [main] INFO  Mashruq.Test.LoginTest - Started Testing Login Test.
08:09:54.499 [main] INFO  Mashruq.Test.LoginTest - User Logout is successfully Executed
08:09:54.505 [main] INFO  Mashruq.Test.LoginTest - Login Test is completed
08:10:00.365 [main] INFO  Mashruq.Test.LoginTest - Started Testing Login Test.
08:10:20.767 [main] INFO  Mashruq.Test.LoginTest - Login Test is completed
08:10:28.167 [main] INFO  Mashruq.Test.LoginTest - Started Testing Login Test.
11:13:15.227 [main] INFO  Mashruq.Test.StandAloneTest - Started testing | Product: ZARA COAT 4 | Email: 20ne1a05f7@gmail.com
11:13:15.711 [main] INFO  Mashruq.Test.StandAloneTest - User successfully logged in.
11:13:17.534 [main] INFO  Mashruq.Test.StandAloneTest - Started testing | Product: ZARA COAT 4 | Email: 20ne1a05f7@gmail.com
11:13:17.936 [main] INFO  Mashruq.Test.StandAloneTest - User successfully logged in.
11:13:43.034 [main] INFO  Mashruq.Test.StandAloneTest - Started testing | Product: ZARA COAT 3 | Email: sjilani476@gmail.com
11:13:43.149 [main] INFO  Mashruq.Test.StandAloneTest - Started testing | Product: ZARA COAT 3 | Email: sjilani476@gmail.com
11:13:43.327 [main] INFO  Mashruq.Test.StandAloneTest - User successfully logged in.
11:13:43.383 [main] INFO  Mashruq.Test.StandAloneTest - User successfully logged in.
11:13:57.844 [main] INFO  Mashruq.Test.StandAloneTest - Adding product ZARA COAT 3 to cart.
11:13:57.970 [main] INFO  Mashruq.Test.StandAloneTest - Adding product ZARA COAT 3 to cart.
11:14:09.441 [main] INFO  Mashruq.Test.StandAloneTest - ZARA COAT 3 product added successfully to cart.
11:14:09.502 [main] INFO  Mashruq.Test.StandAloneTest - ZARA COAT 3 product added successfully to cart.
11:14:10.904 [main] INFO  Mashruq.Test.StandAloneTest - Submitted the order ZARA COAT 3 successfully.
11:14:10.917 [main] INFO  Mashruq.Test.StandAloneTest - Submitted the order ZARA COAT 3 successfully.
11:14:18.171 [main] INFO  Mashruq.Test.LoginTest - Started Testing Login Test.
11:14:18.303 [main] INFO  Mashruq.Test.LoginTest - Started Testing Login Test.
11:14:19.519 [main] INFO  Mashruq.Test.LoginTest - User Logout is successfully Executed
11:14:19.519 [main] INFO  Mashruq.Test.LoginTest - Login Test is completed
11:14:19.589 [main] INFO  Mashruq.Test.LoginTest - User Logout is successfully Executed
11:14:19.589 [main] INFO  Mashruq.Test.LoginTest - Login Test is completed
11:14:22.639 [main] INFO  Mashruq.Test.LoginTest - Started Testing Login Test.
11:14:23.201 [main] INFO  Mashruq.Test.LoginTest - Started Testing Login Test.
11:14:24.787 [main] INFO  Mashruq.Test.LoginTest - User Logout is successfully Executed
11:14:24.788 [main] INFO  Mashruq.Test.LoginTest - Login Test is completed
11:14:28.258 [main] INFO  Mashruq.Test.LoginTest - Started Testing Login Test.
11:14:28.531 [main] INFO  Mashruq.Test.LoginTest - User Logout is successfully Executed
11:14:28.531 [main] INFO  Mashruq.Test.LoginTest - Login Test is completed
11:14:32.440 [main] INFO  Mashruq.Test.LoginTest - Started Testing Login Test.
11:14:50.128 [main] INFO  Mashruq.Test.LoginTest - Login Test is completed
11:14:52.941 [main] INFO  Mashruq.Test.LoginTest - Login Test is completed
11:14:53.341 [main] INFO  Mashruq.Test.LoginTest - Started Testing Login Test.
11:14:54.645 [main] INFO  Mashruq.Test.LoginTest - Started Testing Login Test.
11:15:14.388 [main] INFO  Mashruq.Test.LoginTest - Login Test is completed
11:15:16.073 [main] INFO  Mashruq.Test.LoginTest - Started Testing Login Test.
11:15:17.893 [main] INFO  Mashruq.Test.LoginTest - Login Test is completed
11:15:19.406 [main] INFO  Mashruq.Test.LoginTest - Started Testing Login Test.
11:15:37.989 [main] INFO  Mashruq.Test.LoginTest - Login Test is completed
11:15:42.067 [main] INFO  Mashruq.Test.LoginTest - Login Test is completed
11:15:44.433 [main] INFO  Mashruq.Test.LoginTest - Started Testing Login Test.
11:15:46.271 [main] INFO  Mashruq.Test.LoginTest - Started Testing Login Test.
11:16:05.104 [main] INFO  Mashruq.Test.LoginTest - Login Test is completed
11:16:06.618 [main] INFO  Mashruq.Test.LoginTest - Login Test is completed
11:19:51.566 [main] INFO  Mashruq.Test.StandAloneTest - Started testing | Product: ZARA COAT 4 | Email: 20ne1a05f7@gmail.com
11:19:51.774 [main] INFO  Mashruq.Test.StandAloneTest - User successfully logged in.
11:19:55.630 [main] INFO  Mashruq.Test.StandAloneTest - Started testing | Product: ZARA COAT 3 | Email: sjilani476@gmail.com
11:19:55.804 [main] INFO  Mashruq.Test.StandAloneTest - User successfully logged in.
